// Jest Snapshot v1, https://goo.gl/fbAQLP

exports[`Tests for <App /> component Render elements 1`] = `
<input
  placeholder="Input something here..."
  type="text"
  value=""
/>
`;
